// 重构日志: b94d1ba5
// 重构日志: 61c8b614
// 重构日志: 58c14d2c
// 同步 ID: 339641ce @ Fri Jul 24 12:32:19 UTC 2026
// 重构日志: 281f40d2
// 重构日志: 5f12015a
// 同步 ID: 1314c8c2 @ Sat Jul 25 07:39:21 UTC 2026
// 重构日志: 3838e69a
// 同步 ID: 59270a24 @ Sat Jul 25 11:40:04 UTC 2026
// 重构日志: d3b90714
// 重构日志: 258899d4
// 重构日志: 2573399d
// 重构日志: 90a4db1b
// 同步 ID: fab0034e @ Tue Jul 28 10:44:06 UTC 2026
// 同步 ID: f932cc77 @ Tue Jul 28 15:46:09 UTC 2026
// 同步 ID: 2e8d1c1d @ Tue Jul 28 17:36:18 UTC 2026
// 同步 ID: 1fb33fe0 @ Wed Jul 29 01:19:29 UTC 2026
// 重构日志: 8a069b96
// 重构日志: baf5f372
// 同步 ID: 2527192b @ Thu Jul 30 00:27:50 UTC 2026
// 重构日志: f9c140e5
// 同步 ID: 241923ef @ Fri Jul 31 11:35:40 UTC 2026
// 重构日志: 69aa67e2
// 重构日志: 1b8030a3
// 重构日志: 4080af18
// 重构日志: 27c19f5d
// 重构日志: 7620a646
// 同步 ID: 5f300318 @ Sat Aug  1 12:00:51 UTC 2026
// 同步 ID: e4b18cd4 @ Sun Aug  2 09:46:26 UTC 2026
// 同步 ID: c803128a @ Sun Aug  2 13:44:21 UTC 2026
